main.c:82:10:HAL_UART_RxCpltCallback	16	static
main.c:91:7:PWM_Control_1	16	static
main.c:110:7:PWM_Control_2	16	static
main.c:127:9:HAL_TIM_PeriodElapsedCallback	24	static
main.c:143:5:main	16	static
main.c:239:6:SystemClock_Config	72	static
main.c:277:13:MX_I2C1_Init	8	static
main.c:311:13:MX_TIM1_Init	32	static
main.c:357:13:MX_TIM2_Init	48	static
main.c:411:13:MX_TIM3_Init	56	static
main.c:460:13:MX_USART1_UART_Init	8	static
main.c:493:13:MX_GPIO_Init	40	static
main.c:533:6:Error_Handler	4	static
