main.c:82:10:HAL_UART_RxCpltCallback	16	static
main.c:91:7:PWM_Control_1	16	static
main.c:110:7:PWM_Control_2	16	static
main.c:127:9:HAL_TIM_PeriodElapsedCallback	24	static
main.c:142:5:main	16	static
main.c:222:6:SystemClock_Config	72	static
main.c:260:13:MX_I2C1_Init	8	static
main.c:294:13:MX_TIM1_Init	32	static
main.c:340:13:MX_TIM2_Init	48	static
main.c:394:13:MX_TIM3_Init	56	static
main.c:443:13:MX_USART1_UART_Init	8	static
main.c:476:13:MX_GPIO_Init	40	static
main.c:516:6:Error_Handler	4	static
